// Jest Snapshot v1, https://goo.gl/fbAQLP

exports[`Chat Component Snapshot Tests should match snapshot on initial render 1`] = `
<div>
  <div
    class="p-12"
  >
    <h1>
      AI Chat
    </h1>
    <div
      style="margin-bottom: 20px;"
    />
    <form
      class="flex flex-col gap-2 w-62"
    >
      <input
        class="bg-gray-800"
        placeholder="Write message..."
        value=""
      />
      <button
        class="bg-gray-900"
        type="submit"
      >
        Send
      </button>
    </form>
  </div>
</div>
`;
